// Jest Snapshot v1, https://goo.gl/fbAQLP

exports[`<UserList /> renders 1`] = `
<div
  className="UserList"
>
  <h4>
    User List
  </h4>
  <ul>
    <li>
      <a
        href="/WorkOrder/1"
        onClick={[Function]}
      >
        Welly
      </a>
    </li>
  </ul>
</div>
`;
